
   PASS  Tests\Unit\ExampleTest
  Ô£ô that true is true

   FAIL  Tests\Feature\CrmApiTest
  Ô¿» can list contacts                                       1.59s  
  Ô¿» can create contact with new fields                      0.45s  
  Ô¿» can filter contacts by city                             1.00s  
  Ô¿» can create deal with status                             0.30s  

   FAIL  Tests\Feature\Crm\ContactAgentFlowTest
  Ô¿» contacting agent triggers crm automation

   FAIL  Tests\Feature\Crm\CrmCacheTest
  Ô¿» crm deals use cache
  Ô¿» property view uses cache
  Ô¿» cache invalidation on update
  Ô¿» property cache invalidation

   FAIL  Tests\Feature\Crm\CrmScenariosTest
  Ô¿» can manage deals
  Ô¿» can associate contact to deal

   PASS  Tests\Feature\ExampleTest
  Ô£ô the application returns a successful response           0.27s  

   FAIL  Tests\Feature\RealEstate\BuildingTest
  Ô¿» can list buildings
  Ô¿» authorized user can create building

   FAIL  Tests\Feature\RealEstate\FavoriteTest
  Ô¿» guest cannot manage favorites
  Ô¿» user can toggle favorite
  Ô¿» user can list favorites

   FAIL  Tests\Feature\RealEstate\PropertyTest
  Ô¿» can list properties
  Ô¿» can show property
  Ô¿» agent can create property
  Ô¿» owner can update property
  Ô¿» non owner cannot update property

   FAIL  Tests\Feature\RealEstate\SearchTest
  Ô¿» search list view filters only
  Ô¿» search map view bbox only
  Ô¿» search hybrid filters and bbox
  Ô¿» search uses cache benchmark

   FAIL  Tests\Feature\User\ProfileTest
  Ô¿» user can view own profile
  Ô¿» user can update profile
  Ô¿» profile update validation
  ÔöÇÔöÇÔöÇÔöÇÔöÇÔöÇÔöÇÔöÇÔöÇÔöÇÔöÇÔöÇÔöÇÔöÇÔöÇÔöÇÔöÇÔöÇÔöÇÔöÇÔöÇÔöÇÔöÇÔöÇÔöÇÔöÇÔöÇÔöÇÔöÇÔöÇÔöÇÔöÇÔöÇÔöÇÔöÇÔöÇÔöÇÔöÇÔöÇÔöÇÔöÇÔöÇÔöÇÔöÇÔöÇÔöÇÔöÇÔöÇÔöÇÔöÇÔöÇÔöÇÔöÇÔöÇÔöÇÔöÇÔöÇÔöÇÔöÇÔöÇÔöÇÔöÇÔöÇ  
   FAILED  Tests\Feature\CrmApiTest > can list contacts            
  Expected response status code [200] but received 404.
Failed asserting that 404 is identical to 200.

  at tests\Feature\CrmApiTest.php:26
     22Ôûò         Contact::factory()->count(3)->create(['owner_id' => $user->id]);
     23Ôûò 
     24Ôûò         $response = $this->actingAs($user)->getJson('/api/crm/contacts');
     25Ôûò 
  Ô×£  26Ôûò         $response->assertStatus(200)
     27Ôûò                  ->assertJsonCount(3, 'data');
     28Ôûò     }
     29Ôûò 
     30Ôûò     public function test_can_create_contact_with_new_fields()

  ÔöÇÔöÇÔöÇÔöÇÔöÇÔöÇÔöÇÔöÇÔöÇÔöÇÔöÇÔöÇÔöÇÔöÇÔöÇÔöÇÔöÇÔöÇÔöÇÔöÇÔöÇÔöÇÔöÇÔöÇÔöÇÔöÇÔöÇÔöÇÔöÇÔöÇÔöÇÔöÇÔöÇÔöÇÔöÇÔöÇÔöÇÔöÇÔöÇÔöÇÔöÇÔöÇÔöÇÔöÇÔöÇÔöÇÔöÇÔöÇÔöÇÔöÇÔöÇÔöÇÔöÇÔöÇÔöÇÔöÇÔöÇÔöÇÔöÇÔöÇÔöÇÔöÇÔöÇ  
   FAILED  Tests\Feature\CrmApiTest > can create contact with nÔÇª   
  Expected response status code [201] but received 404.
Failed asserting that 404 is identical to 201.

  at tests\Feature\CrmApiTest.php:46
     42Ôûò         ];
     43Ôûò 
     44Ôûò         $response = $this->actingAs($user)->postJson('/api/crm/contacts', $data);
     45Ôûò 
  Ô×£  46Ôûò         $response->assertStatus(201)
     47Ôûò                  ->assertJsonPath('first_name', 'John')
     48Ôûò                  ->assertJsonPath('lead_status', 'new')
     49Ôûò                  ->assertJsonPath('city', 'New York');
     50Ôûò

  ÔöÇÔöÇÔöÇÔöÇÔöÇÔöÇÔöÇÔöÇÔöÇÔöÇÔöÇÔöÇÔöÇÔöÇÔöÇÔöÇÔöÇÔöÇÔöÇÔöÇÔöÇÔöÇÔöÇÔöÇÔöÇÔöÇÔöÇÔöÇÔöÇÔöÇÔöÇÔöÇÔöÇÔöÇÔöÇÔöÇÔöÇÔöÇÔöÇÔöÇÔöÇÔöÇÔöÇÔöÇÔöÇÔöÇÔöÇÔöÇÔöÇÔöÇÔöÇÔöÇÔöÇÔöÇÔöÇÔöÇÔöÇÔöÇÔöÇÔöÇÔöÇÔöÇÔöÇ  
   FAILED  Tests\Feature\CrmApiTest > can filter contacts by ciÔÇª   
  Expected response status code [200] but received 404.
Failed asserting that 404 is identical to 200.

  at tests\Feature\CrmApiTest.php:62
     58Ôûò         Contact::factory()->create(['owner_id' => $user->id, 'city' => 'Barcelona']);
     59Ôûò 
     60Ôûò         $response = $this->actingAs($user)->getJson('/api/crm/contacts?city=Madrid');
     61Ôûò 
  Ô×£  62Ôûò         $response->assertStatus(200)
     63Ôûò                  ->assertJsonCount(1, 'data')
     64Ôûò                  ->assertJsonPath('data.0.city', 'Madrid');
     65Ôûò     }
     66Ôûò

  ÔöÇÔöÇÔöÇÔöÇÔöÇÔöÇÔöÇÔöÇÔöÇÔöÇÔöÇÔöÇÔöÇÔöÇÔöÇÔöÇÔöÇÔöÇÔöÇÔöÇÔöÇÔöÇÔöÇÔöÇÔöÇÔöÇÔöÇÔöÇÔöÇÔöÇÔöÇÔöÇÔöÇÔöÇÔöÇÔöÇÔöÇÔöÇÔöÇÔöÇÔöÇÔöÇÔöÇÔöÇÔöÇÔöÇÔöÇÔöÇÔöÇÔöÇÔöÇÔöÇÔöÇÔöÇÔöÇÔöÇÔöÇÔöÇÔöÇÔöÇÔöÇÔöÇÔöÇ  
   FAILED  Tests\Feature\CrmApiTest > can creatÔÇª  QueryException   
  SQLSTATE[42S02]: Base table or view not found: 1146 Table 'inmo-db.inmo_pipelines' doesn't exist (Connection: mysql, SQL: insert into `inmo_pipelines` (`name`, `entity_type`, `updated_at`, `created_at`) values (Default Pipeline, deal, 2025-12-10 02:20:47, 2025-12-10 02:20:47))

  at vendor\laravel\framework\src\Illuminate\Database\Connection.php:829
    825Ôûò                     $this->getName(), $query, $this->prepareBindings($bindings), $e
    826Ôûò                 );
    827Ôûò             }
    828Ôûò 
  Ô×£ 829Ôûò             throw new QueryException(
    830Ôûò                 $this->getName(), $query, $this->prepareBindings($bindings), $e
    831Ôûò             );
    832Ôûò         }
    833Ôûò     }

  1   vendor\laravel\framework\src\Illuminate\Database\Connection.php:829

  2   vendor\laravel\framework\src\Illuminate\Database\MySqlConnection.php:39
      NunoMaduro\Collision\Exceptions\TestException::("SQLSTATE[42S02]: Base table or view not found: 1146 Table 'inmo-db.inmo_pipelines' doesn't exist")

  ÔöÇÔöÇÔöÇÔöÇÔöÇÔöÇÔöÇÔöÇÔöÇÔöÇÔöÇÔöÇÔöÇÔöÇÔöÇÔöÇÔöÇÔöÇÔöÇÔöÇÔöÇÔöÇÔöÇÔöÇÔöÇÔöÇÔöÇÔöÇÔöÇÔöÇÔöÇÔöÇÔöÇÔöÇÔöÇÔöÇÔöÇÔöÇÔöÇÔöÇÔöÇÔöÇÔöÇÔöÇÔöÇÔöÇÔöÇÔöÇÔöÇÔöÇÔöÇÔöÇÔöÇÔöÇÔöÇÔöÇÔöÇÔöÇÔöÇÔöÇÔöÇÔöÇÔöÇ  
   FAILED  Tests\Feature\Crm\ContactAgentFlowTeÔÇª  QueryException   
  SQLSTATE[42000]: Syntax error or access violation: 1252 All parts of a SPATIAL index must be NOT NULL (Connection: mysql, SQL: alter table `inmo_buildings` add spatial index `inmo_buildings_location_spatialindex`(`location`))

  at vendor\laravel\framework\src\Illuminate\Database\Connection.php:829
    825Ôûò                     $this->getName(), $query, $this->prepareBindings($bindings), $e
    826Ôûò                 );
    827Ôûò             }
    828Ôûò 
  Ô×£ 829Ôûò             throw new QueryException(
    830Ôûò                 $this->getName(), $query, $this->prepareBindings($bindings), $e
    831Ôûò             );
    832Ôûò         }
    833Ôûò     }

  1   vendor\laravel\framework\src\Illuminate\Database\Connection.php:829

  2   vendor\laravel\framework\src\Illuminate\Database\Connection.php:587
      NunoMaduro\Collision\Exceptions\TestException::("SQLSTATE[42000]: Syntax error or access violation: 1252 All parts of a SPATIAL index must be NOT NULL")

  ÔöÇÔöÇÔöÇÔöÇÔöÇÔöÇÔöÇÔöÇÔöÇÔöÇÔöÇÔöÇÔöÇÔöÇÔöÇÔöÇÔöÇÔöÇÔöÇÔöÇÔöÇÔöÇÔöÇÔöÇÔöÇÔöÇÔöÇÔöÇÔöÇÔöÇÔöÇÔöÇÔöÇÔöÇÔöÇÔöÇÔöÇÔöÇÔöÇÔöÇÔöÇÔöÇÔöÇÔöÇÔöÇÔöÇÔöÇÔöÇÔöÇÔöÇÔöÇÔöÇÔöÇÔöÇÔöÇÔöÇÔöÇÔöÇÔöÇÔöÇÔöÇÔöÇÔöÇ  
   FAILED  Tests\Feature\Crm\CrmCacheTest > crmÔÇª  QueryException   
  SQLSTATE[42000]: Syntax error or access violation: 1252 All parts of a SPATIAL index must be NOT NULL (Connection: mysql, SQL: alter table `inmo_buildings` add spatial index `inmo_buildings_location_spatialindex`(`location`))

  at vendor\laravel\framework\src\Illuminate\Database\Connection.php:829
    825Ôûò                     $this->getName(), $query, $this->prepareBindings($bindings), $e
    826Ôûò                 );
    827Ôûò             }
    828Ôûò 
  Ô×£ 829Ôûò             throw new QueryException(
    830Ôûò                 $this->getName(), $query, $this->prepareBindings($bindings), $e
    831Ôûò             );
    832Ôûò         }
    833Ôûò     }

  1   vendor\laravel\framework\src\Illuminate\Database\Connection.php:829

  2   vendor\laravel\framework\src\Illuminate\Database\Connection.php:587
      NunoMaduro\Collision\Exceptions\TestException::("SQLSTATE[42000]: Syntax error or access violation: 1252 All parts of a SPATIAL index must be NOT NULL")

  ÔöÇÔöÇÔöÇÔöÇÔöÇÔöÇÔöÇÔöÇÔöÇÔöÇÔöÇÔöÇÔöÇÔöÇÔöÇÔöÇÔöÇÔöÇÔöÇÔöÇÔöÇÔöÇÔöÇÔöÇÔöÇÔöÇÔöÇÔöÇÔöÇÔöÇÔöÇÔöÇÔöÇÔöÇÔöÇÔöÇÔöÇÔöÇÔöÇÔöÇÔöÇÔöÇÔöÇÔöÇÔöÇÔöÇÔöÇÔöÇÔöÇÔöÇÔöÇÔöÇÔöÇÔöÇÔöÇÔöÇÔöÇÔöÇÔöÇÔöÇÔöÇÔöÇÔöÇ  
   FAILED  Tests\Feature\Crm\CrmCacheTest > proÔÇª  QueryException   
  SQLSTATE[42S02]: Base table or view not found: 1146 Table 'inmo-db.migrations' doesn't exist (Connection: mysql, SQL: insert into `migrations` (`migration`, `batch`) values (2017_01_13_000000_add_route_to_menu_items_table, 1))

  at vendor\laravel\framework\src\Illuminate\Database\Connection.php:829
    825Ôûò                     $this->getName(), $query, $this->prepareBindings($bindings), $e
    826Ôûò                 );
    827Ôûò             }
    828Ôûò 
  Ô×£ 829Ôûò             throw new QueryException(
    830Ôûò                 $this->getName(), $query, $this->prepareBindings($bindings), $e
    831Ôûò             );
    832Ôûò         }
    833Ôûò     }

  1   vendor\laravel\framework\src\Illuminate\Database\Connection.php:829

  2   vendor\laravel\framework\src\Illuminate\Database\MySqlConnection.php:39
      NunoMaduro\Collision\Exceptions\TestException::("SQLSTATE[42S02]: Base table or view not found: 1146 Table 'inmo-db.migrations' doesn't exist")

  ÔöÇÔöÇÔöÇÔöÇÔöÇÔöÇÔöÇÔöÇÔöÇÔöÇÔöÇÔöÇÔöÇÔöÇÔöÇÔöÇÔöÇÔöÇÔöÇÔöÇÔöÇÔöÇÔöÇÔöÇÔöÇÔöÇÔöÇÔöÇÔöÇÔöÇÔöÇÔöÇÔöÇÔöÇÔöÇÔöÇÔöÇÔöÇÔöÇÔöÇÔöÇÔöÇÔöÇÔöÇÔöÇÔöÇÔöÇÔöÇÔöÇÔöÇÔöÇÔöÇÔöÇÔöÇÔöÇÔöÇÔöÇÔöÇÔöÇÔöÇÔöÇÔöÇÔöÇ  
   FAILED  Tests\Feature\Crm\CrmCacheTest > cacÔÇª  QueryException   
  SQLSTATE[42000]: Syntax error or access violation: 1252 All parts of a SPATIAL index must be NOT NULL (Connection: mysql, SQL: alter table `inmo_buildings` add spatial index `inmo_buildings_location_spatialindex`(`location`))

  at vendor\laravel\framework\src\Illuminate\Database\Connection.php:829
    825Ôûò                     $this->getName(), $query, $this->prepareBindings($bindings), $e
    826Ôûò                 );
    827Ôûò             }
    828Ôûò 
  Ô×£ 829Ôûò             throw new QueryException(
    830Ôûò                 $this->getName(), $query, $this->prepareBindings($bindings), $e
    831Ôûò             );
    832Ôûò         }
    833Ôûò     }

  1   vendor\laravel\framework\src\Illuminate\Database\Connection.php:829

  2   vendor\laravel\framework\src\Illuminate\Database\Connection.php:587
      NunoMaduro\Collision\Exceptions\TestException::("SQLSTATE[42000]: Syntax error or access violation: 1252 All parts of a SPATIAL index must be NOT NULL")

  ÔöÇÔöÇÔöÇÔöÇÔöÇÔöÇÔöÇÔöÇÔöÇÔöÇÔöÇÔöÇÔöÇÔöÇÔöÇÔöÇÔöÇÔöÇÔöÇÔöÇÔöÇÔöÇÔöÇÔöÇÔöÇÔöÇÔöÇÔöÇÔöÇÔöÇÔöÇÔöÇÔöÇÔöÇÔöÇÔöÇÔöÇÔöÇÔöÇÔöÇÔöÇÔöÇÔöÇÔöÇÔöÇÔöÇÔöÇÔöÇÔöÇÔöÇÔöÇÔöÇÔöÇÔöÇÔöÇÔöÇÔöÇÔöÇÔöÇÔöÇÔöÇÔöÇÔöÇ  
   FAILED  Tests\Feature\Crm\CrmCacheTest > proÔÇª  QueryException   
  SQLSTATE[40001]: Serialization failure: 1213 Deadlock found when trying to get lock; try restarting transaction (Connection: mysql, SQL: alter table `data_rows` add constraint `data_rows_data_type_id_foreign` foreign key (`data_type_id`) references `data_types` (`id`) on delete cascade on update cascade)

  at vendor\laravel\framework\src\Illuminate\Database\Connection.php:829
    825Ôûò                     $this->getName(), $query, $this->prepareBindings($bindings), $e
    826Ôûò                 );
    827Ôûò             }
    828Ôûò 
  Ô×£ 829Ôûò             throw new QueryException(
    830Ôûò                 $this->getName(), $query, $this->prepareBindings($bindings), $e
    831Ôûò             );
    832Ôûò         }
    833Ôûò     }

  1   vendor\laravel\framework\src\Illuminate\Database\Connection.php:829

  2   vendor\laravel\framework\src\Illuminate\Database\Connection.php:587
      NunoMaduro\Collision\Exceptions\TestException::("SQLSTATE[40001]: Serialization failure: 1213 Deadlock found when trying to get lock; try restarting transaction")

  ÔöÇÔöÇÔöÇÔöÇÔöÇÔöÇÔöÇÔöÇÔöÇÔöÇÔöÇÔöÇÔöÇÔöÇÔöÇÔöÇÔöÇÔöÇÔöÇÔöÇÔöÇÔöÇÔöÇÔöÇÔöÇÔöÇÔöÇÔöÇÔöÇÔöÇÔöÇÔöÇÔöÇÔöÇÔöÇÔöÇÔöÇÔöÇÔöÇÔöÇÔöÇÔöÇÔöÇÔöÇÔöÇÔöÇÔöÇÔöÇÔöÇÔöÇÔöÇÔöÇÔöÇÔöÇÔöÇÔöÇÔöÇÔöÇÔöÇÔöÇÔöÇÔöÇÔöÇ  
   FAILED  Tests\Feature\Crm\CrmScenariosTest >ÔÇª  QueryException   
  SQLSTATE[42S02]: Base table or view not found: 1146 Table 'inmo-db.migrations' doesn't exist (Connection: mysql, SQL: insert into `migrations` (`migration`, `batch`) values (2014_10_12_000000_create_users_table, 1))

  at vendor\laravel\framework\src\Illuminate\Database\Connection.php:829
    825Ôûò                     $this->getName(), $query, $this->prepareBindings($bindings), $e
    826Ôûò                 );
    827Ôûò             }
    828Ôûò 
  Ô×£ 829Ôûò             throw new QueryException(
    830Ôûò                 $this->getName(), $query, $this->prepareBindings($bindings), $e
    831Ôûò             );
    832Ôûò         }
    833Ôûò     }

  1   vendor\laravel\framework\src\Illuminate\Database\Connection.php:829

  2   vendor\laravel\framework\src\Illuminate\Database\MySqlConnection.php:39
      NunoMaduro\Collision\Exceptions\TestException::("SQLSTATE[42S02]: Base table or view not found: 1146 Table 'inmo-db.migrations' doesn't exist")

  ÔöÇÔöÇÔöÇÔöÇÔöÇÔöÇÔöÇÔöÇÔöÇÔöÇÔöÇÔöÇÔöÇÔöÇÔöÇÔöÇÔöÇÔöÇÔöÇÔöÇÔöÇÔöÇÔöÇÔöÇÔöÇÔöÇÔöÇÔöÇÔöÇÔöÇÔöÇÔöÇÔöÇÔöÇÔöÇÔöÇÔöÇÔöÇÔöÇÔöÇÔöÇÔöÇÔöÇÔöÇÔöÇÔöÇÔöÇÔöÇÔöÇÔöÇÔöÇÔöÇÔöÇÔöÇÔöÇÔöÇÔöÇÔöÇÔöÇÔöÇÔöÇÔöÇÔöÇ  
   FAILED  Tests\Feature\Crm\CrmScenariosTest >ÔÇª  QueryException   
  SQLSTATE[42S02]: Base table or view not found: 1146 Table 'inmo-db.migrations' doesn't exist (Connection: mysql, SQL: insert into `migrations` (`migration`, `batch`) values (2014_10_12_000000_create_users_table, 1))

  at vendor\laravel\framework\src\Illuminate\Database\Connection.php:829
    825Ôûò                     $this->getName(), $query, $this->prepareBindings($bindings), $e
    826Ôûò                 );
    827Ôûò             }
    828Ôûò 
  Ô×£ 829Ôûò             throw new QueryException(
    830Ôûò                 $this->getName(), $query, $this->prepareBindings($bindings), $e
    831Ôûò             );
    832Ôûò         }
    833Ôûò     }

  1   vendor\laravel\framework\src\Illuminate\Database\Connection.php:829

  2   vendor\laravel\framework\src\Illuminate\Database\MySqlConnection.php:39
      NunoMaduro\Collision\Exceptions\TestException::("SQLSTATE[42S02]: Base table or view not found: 1146 Table 'inmo-db.migrations' doesn't exist")

  ÔöÇÔöÇÔöÇÔöÇÔöÇÔöÇÔöÇÔöÇÔöÇÔöÇÔöÇÔöÇÔöÇÔöÇÔöÇÔöÇÔöÇÔöÇÔöÇÔöÇÔöÇÔöÇÔöÇÔöÇÔöÇÔöÇÔöÇÔöÇÔöÇÔöÇÔöÇÔöÇÔöÇÔöÇÔöÇÔöÇÔöÇÔöÇÔöÇÔöÇÔöÇÔöÇÔöÇÔöÇÔöÇÔöÇÔöÇÔöÇÔöÇÔöÇÔöÇÔöÇÔöÇÔöÇÔöÇÔöÇÔöÇÔöÇÔöÇÔöÇÔöÇÔöÇÔöÇ  
   FAILED  Tests\Feature\RealEstate\BuildingTesÔÇª  QueryException   
  SQLSTATE[42S02]: Base table or view not found: 1146 Table 'inmo-db.migrations' doesn't exist (Connection: mysql, SQL: insert into `migrations` (`migration`, `batch`) values (2014_10_12_000000_create_users_table, 1))

  at vendor\laravel\framework\src\Illuminate\Database\Connection.php:829
    825Ôûò                     $this->getName(), $query, $this->prepareBindings($bindings), $e
    826Ôûò                 );
    827Ôûò             }
    828Ôûò 
  Ô×£ 829Ôûò             throw new QueryException(
    830Ôûò                 $this->getName(), $query, $this->prepareBindings($bindings), $e
    831Ôûò             );
    832Ôûò         }
    833Ôûò     }

  1   vendor\laravel\framework\src\Illuminate\Database\Connection.php:829

  2   vendor\laravel\framework\src\Illuminate\Database\MySqlConnection.php:39
      NunoMaduro\Collision\Exceptions\TestException::("SQLSTATE[42S02]: Base table or view not found: 1146 Table 'inmo-db.migrations' doesn't exist")

  ÔöÇÔöÇÔöÇÔöÇÔöÇÔöÇÔöÇÔöÇÔöÇÔöÇÔöÇÔöÇÔöÇÔöÇÔöÇÔöÇÔöÇÔöÇÔöÇÔöÇÔöÇÔöÇÔöÇÔöÇÔöÇÔöÇÔöÇÔöÇÔöÇÔöÇÔöÇÔöÇÔöÇÔöÇÔöÇÔöÇÔöÇÔöÇÔöÇÔöÇÔöÇÔöÇÔöÇÔöÇÔöÇÔöÇÔöÇÔöÇÔöÇÔöÇÔöÇÔöÇÔöÇÔöÇÔöÇÔöÇÔöÇÔöÇÔöÇÔöÇÔöÇÔöÇÔöÇ  
   FAILED  Tests\Feature\RealEstate\BuildingTesÔÇª  QueryException   
  SQLSTATE[42S02]: Base table or view not found: 1146 Table 'inmo-db.migrations' doesn't exist (Connection: mysql, SQL: insert into `migrations` (`migration`, `batch`) values (2014_10_12_100000_create_password_reset_tokens_table, 1))

  at vendor\laravel\framework\src\Illuminate\Database\Connection.php:829
    825Ôûò                     $this->getName(), $query, $this->prepareBindings($bindings), $e
    826Ôûò                 );
    827Ôûò             }
    828Ôûò 
  Ô×£ 829Ôûò             throw new QueryException(
    830Ôûò                 $this->getName(), $query, $this->prepareBindings($bindings), $e
    831Ôûò             );
    832Ôûò         }
    833Ôûò     }

  1   vendor\laravel\framework\src\Illuminate\Database\Connection.php:829

  2   vendor\laravel\framework\src\Illuminate\Database\MySqlConnection.php:45
      NunoMaduro\Collision\Exceptions\TestException::("SQLSTATE[42S02]: Base table or view not found: 1146 Table 'inmo-db.migrations' doesn't exist")

  ÔöÇÔöÇÔöÇÔöÇÔöÇÔöÇÔöÇÔöÇÔöÇÔöÇÔöÇÔöÇÔöÇÔöÇÔöÇÔöÇÔöÇÔöÇÔöÇÔöÇÔöÇÔöÇÔöÇÔöÇÔöÇÔöÇÔöÇÔöÇÔöÇÔöÇÔöÇÔöÇÔöÇÔöÇÔöÇÔöÇÔöÇÔöÇÔöÇÔöÇÔöÇÔöÇÔöÇÔöÇÔöÇÔöÇÔöÇÔöÇÔöÇÔöÇÔöÇÔöÇÔöÇÔöÇÔöÇÔöÇÔöÇÔöÇÔöÇÔöÇÔöÇÔöÇÔöÇ  
   FAILED  Tests\Feature\RealEstate\FavoriteTesÔÇª  QueryException   
  SQLSTATE[42S02]: Base table or view not found: 1146 Table 'inmo-db.migrations' doesn't exist (Connection: mysql, SQL: insert into `migrations` (`migration`, `batch`) values (2014_10_12_000000_create_users_table, 1))

  at vendor\laravel\framework\src\Illuminate\Database\Connection.php:829
    825Ôûò                     $this->getName(), $query, $this->prepareBindings($bindings), $e
    826Ôûò                 );
    827Ôûò             }
    828Ôûò 
  Ô×£ 829Ôûò             throw new QueryException(
    830Ôûò                 $this->getName(), $query, $this->prepareBindings($bindings), $e
    831Ôûò             );
    832Ôûò         }
    833Ôûò     }

  1   vendor\laravel\framework\src\Illuminate\Database\Connection.php:829

  2   vendor\laravel\framework\src\Illuminate\Database\MySqlConnection.php:39
      NunoMaduro\Collision\Exceptions\TestException::("SQLSTATE[42S02]: Base table or view not found: 1146 Table 'inmo-db.migrations' doesn't exist")

  ÔöÇÔöÇÔöÇÔöÇÔöÇÔöÇÔöÇÔöÇÔöÇÔöÇÔöÇÔöÇÔöÇÔöÇÔöÇÔöÇÔöÇÔöÇÔöÇÔöÇÔöÇÔöÇÔöÇÔöÇÔöÇÔöÇÔöÇÔöÇÔöÇÔöÇÔöÇÔöÇÔöÇÔöÇÔöÇÔöÇÔöÇÔöÇÔöÇÔöÇÔöÇÔöÇÔöÇÔöÇÔöÇÔöÇÔöÇÔöÇÔöÇÔöÇÔöÇÔöÇÔöÇÔöÇÔöÇÔöÇÔöÇÔöÇÔöÇÔöÇÔöÇÔöÇÔöÇ  
   FAILED  Tests\Feature\RealEstate\FavoriteTesÔÇª  QueryException   
  SQLSTATE[42S02]: Base table or view not found: 1146 Table 'inmo-db.migrations' doesn't exist (Connection: mysql, SQL: insert into `migrations` (`migration`, `batch`) values (2014_10_12_000000_create_users_table, 1))

  at vendor\laravel\framework\src\Illuminate\Database\Connection.php:829
    825Ôûò                     $this->getName(), $query, $this->prepareBindings($bindings), $e
    826Ôûò                 );
    827Ôûò             }
    828Ôûò 
  Ô×£ 829Ôûò             throw new QueryException(
    830Ôûò                 $this->getName(), $query, $this->prepareBindings($bindings), $e
    831Ôûò             );
    832Ôûò         }
    833Ôûò     }

  1   vendor\laravel\framework\src\Illuminate\Database\Connection.php:829

  2   vendor\laravel\framework\src\Illuminate\Database\MySqlConnection.php:39
      NunoMaduro\Collision\Exceptions\TestException::("SQLSTATE[42S02]: Base table or view not found: 1146 Table 'inmo-db.migrations' doesn't exist")

  ÔöÇÔöÇÔöÇÔöÇÔöÇÔöÇÔöÇÔöÇÔöÇÔöÇÔöÇÔöÇÔöÇÔöÇÔöÇÔöÇÔöÇÔöÇÔöÇÔöÇÔöÇÔöÇÔöÇÔöÇÔöÇÔöÇÔöÇÔöÇÔöÇÔöÇÔöÇÔöÇÔöÇÔöÇÔöÇÔöÇÔöÇÔöÇÔöÇÔöÇÔöÇÔöÇÔöÇÔöÇÔöÇÔöÇÔöÇÔöÇÔöÇÔöÇÔöÇÔöÇÔöÇÔöÇÔöÇÔöÇÔöÇÔöÇÔöÇÔöÇÔöÇÔöÇÔöÇ  
   FAILED  Tests\Feature\RealEstate\FavoriteTesÔÇª  QueryException   
  SQLSTATE[42S02]: Base table or view not found: 1146 Table 'inmo-db.migrations' doesn't exist (Connection: mysql, SQL: insert into `migrations` (`migration`, `batch`) values (2014_10_12_000000_create_users_table, 1))

  at vendor\laravel\framework\src\Illuminate\Database\Connection.php:829
    825Ôûò                     $this->getName(), $query, $this->prepareBindings($bindings), $e
    826Ôûò                 );
    827Ôûò             }
    828Ôûò 
  Ô×£ 829Ôûò             throw new QueryException(
    830Ôûò                 $this->getName(), $query, $this->prepareBindings($bindings), $e
    831Ôûò             );
    832Ôûò         }
    833Ôûò     }

  1   vendor\laravel\framework\src\Illuminate\Database\Connection.php:829

  2   vendor\laravel\framework\src\Illuminate\Database\MySqlConnection.php:39
      NunoMaduro\Collision\Exceptions\TestException::("SQLSTATE[42S02]: Base table or view not found: 1146 Table 'inmo-db.migrations' doesn't exist")

  ÔöÇÔöÇÔöÇÔöÇÔöÇÔöÇÔöÇÔöÇÔöÇÔöÇÔöÇÔöÇÔöÇÔöÇÔöÇÔöÇÔöÇÔöÇÔöÇÔöÇÔöÇÔöÇÔöÇÔöÇÔöÇÔöÇÔöÇÔöÇÔöÇÔöÇÔöÇÔöÇÔöÇÔöÇÔöÇÔöÇÔöÇÔöÇÔöÇÔöÇÔöÇÔöÇÔöÇÔöÇÔöÇÔöÇÔöÇÔöÇÔöÇÔöÇÔöÇÔöÇÔöÇÔöÇÔöÇÔöÇÔöÇÔöÇÔöÇÔöÇÔöÇÔöÇÔöÇ  
   FAILED  Tests\Feature\RealEstate\PropertyTesÔÇª  QueryException   
  SQLSTATE[42S01]: Base table or view already exists: 1050 Table 'password_reset_tokens' already exists (Connection: mysql, SQL: create table `password_reset_tokens` (`email` varchar(255) not null, `token` varchar(255) not null, `created_at` timestamp null, primary key (`email`)) default character set utf8mb4 collate 'utf8mb4_unicode_ci')

  at vendor\laravel\framework\src\Illuminate\Database\Connection.php:829
    825Ôûò                     $this->getName(), $query, $this->prepareBindings($bindings), $e
    826Ôûò                 );
    827Ôûò             }
    828Ôûò 
  Ô×£ 829Ôûò             throw new QueryException(
    830Ôûò                 $this->getName(), $query, $this->prepareBindings($bindings), $e
    831Ôûò             );
    832Ôûò         }
    833Ôûò     }

  1   vendor\laravel\framework\src\Illuminate\Database\Connection.php:829

  2   vendor\laravel\framework\src\Illuminate\Database\Connection.php:587
      NunoMaduro\Collision\Exceptions\TestException::("SQLSTATE[42S01]: Base table or view already exists: 1050 Table 'password_reset_tokens' already exists")

  ÔöÇÔöÇÔöÇÔöÇÔöÇÔöÇÔöÇÔöÇÔöÇÔöÇÔöÇÔöÇÔöÇÔöÇÔöÇÔöÇÔöÇÔöÇÔöÇÔöÇÔöÇÔöÇÔöÇÔöÇÔöÇÔöÇÔöÇÔöÇÔöÇÔöÇÔöÇÔöÇÔöÇÔöÇÔöÇÔöÇÔöÇÔöÇÔöÇÔöÇÔöÇÔöÇÔöÇÔöÇÔöÇÔöÇÔöÇÔöÇÔöÇÔöÇÔöÇÔöÇÔöÇÔöÇÔöÇÔöÇÔöÇÔöÇÔöÇÔöÇÔöÇÔöÇÔöÇ  
   FAILED  Tests\Feature\RealEstate\PropertyTesÔÇª  QueryException   
  SQLSTATE[42S01]: Base table or view already exists: 1050 Table 'password_reset_tokens' already exists (Connection: mysql, SQL: create table `password_reset_tokens` (`email` varchar(255) not null, `token` varchar(255) not null, `created_at` timestamp null, primary key (`email`)) default character set utf8mb4 collate 'utf8mb4_unicode_ci')

  at vendor\laravel\framework\src\Illuminate\Database\Connection.php:829
    825Ôûò                     $this->getName(), $query, $this->prepareBindings($bindings), $e
    826Ôûò                 );
    827Ôûò             }
    828Ôûò 
  Ô×£ 829Ôûò             throw new QueryException(
    830Ôûò                 $this->getName(), $query, $this->prepareBindings($bindings), $e
    831Ôûò             );
    832Ôûò         }
    833Ôûò     }

  1   vendor\laravel\framework\src\Illuminate\Database\Connection.php:829

  2   vendor\laravel\framework\src\Illuminate\Database\Connection.php:587
      NunoMaduro\Collision\Exceptions\TestException::("SQLSTATE[42S01]: Base table or view already exists: 1050 Table 'password_reset_tokens' already exists")

  ÔöÇÔöÇÔöÇÔöÇÔöÇÔöÇÔöÇÔöÇÔöÇÔöÇÔöÇÔöÇÔöÇÔöÇÔöÇÔöÇÔöÇÔöÇÔöÇÔöÇÔöÇÔöÇÔöÇÔöÇÔöÇÔöÇÔöÇÔöÇÔöÇÔöÇÔöÇÔöÇÔöÇÔöÇÔöÇÔöÇÔöÇÔöÇÔöÇÔöÇÔöÇÔöÇÔöÇÔöÇÔöÇÔöÇÔöÇÔöÇÔöÇÔöÇÔöÇÔöÇÔöÇÔöÇÔöÇÔöÇÔöÇÔöÇÔöÇÔöÇÔöÇÔöÇÔöÇ  
   FAILED  Tests\Feature\RealEstate\PropertyTesÔÇª  QueryException   
  SQLSTATE[42S02]: Base table or view not found: 1146 Table 'inmo-db.migrations' doesn't exist (Connection: mysql, SQL: insert into `migrations` (`migration`, `batch`) values (2014_10_12_000000_create_users_table, 1))

  at vendor\laravel\framework\src\Illuminate\Database\Connection.php:829
    825Ôûò                     $this->getName(), $query, $this->prepareBindings($bindings), $e
    826Ôûò                 );
    827Ôûò             }
    828Ôûò 
  Ô×£ 829Ôûò             throw new QueryException(
    830Ôûò                 $this->getName(), $query, $this->prepareBindings($bindings), $e
    831Ôûò             );
    832Ôûò         }
    833Ôûò     }

  1   vendor\laravel\framework\src\Illuminate\Database\Connection.php:829

  2   vendor\laravel\framework\src\Illuminate\Database\MySqlConnection.php:39
      NunoMaduro\Collision\Exceptions\TestException::("SQLSTATE[42S02]: Base table or view not found: 1146 Table 'inmo-db.migrations' doesn't exist")

  ÔöÇÔöÇÔöÇÔöÇÔöÇÔöÇÔöÇÔöÇÔöÇÔöÇÔöÇÔöÇÔöÇÔöÇÔöÇÔöÇÔöÇÔöÇÔöÇÔöÇÔöÇÔöÇÔöÇÔöÇÔöÇÔöÇÔöÇÔöÇÔöÇÔöÇÔöÇÔöÇÔöÇÔöÇÔöÇÔöÇÔöÇÔöÇÔöÇÔöÇÔöÇÔöÇÔöÇÔöÇÔöÇÔöÇÔöÇÔöÇÔöÇÔöÇÔöÇÔöÇÔöÇÔöÇÔöÇÔöÇÔöÇÔöÇÔöÇÔöÇÔöÇÔöÇÔöÇ  
   FAILED  Tests\Feature\RealEstate\PropertyTesÔÇª  QueryException   
  SQLSTATE[42S01]: Base table or view already exists: 1050 Table 'password_reset_tokens' already exists (Connection: mysql, SQL: create table `password_reset_tokens` (`email` varchar(255) not null, `token` varchar(255) not null, `created_at` timestamp null, primary key (`email`)) default character set utf8mb4 collate 'utf8mb4_unicode_ci')

  at vendor\laravel\framework\src\Illuminate\Database\Connection.php:829
    825Ôûò                     $this->getName(), $query, $this->prepareBindings($bindings), $e
    826Ôûò                 );
    827Ôûò             }
    828Ôûò 
  Ô×£ 829Ôûò             throw new QueryException(
    830Ôûò                 $this->getName(), $query, $this->prepareBindings($bindings), $e
    831Ôûò             );
    832Ôûò         }
    833Ôûò     }

  1   vendor\laravel\framework\src\Illuminate\Database\Connection.php:829

  2   vendor\laravel\framework\src\Illuminate\Database\Connection.php:587
      NunoMaduro\Collision\Exceptions\TestException::("SQLSTATE[42S01]: Base table or view already exists: 1050 Table 'password_reset_tokens' already exists")

  ÔöÇÔöÇÔöÇÔöÇÔöÇÔöÇÔöÇÔöÇÔöÇÔöÇÔöÇÔöÇÔöÇÔöÇÔöÇÔöÇÔöÇÔöÇÔöÇÔöÇÔöÇÔöÇÔöÇÔöÇÔöÇÔöÇÔöÇÔöÇÔöÇÔöÇÔöÇÔöÇÔöÇÔöÇÔöÇÔöÇÔöÇÔöÇÔöÇÔöÇÔöÇÔöÇÔöÇÔöÇÔöÇÔöÇÔöÇÔöÇÔöÇÔöÇÔöÇÔöÇÔöÇÔöÇÔöÇÔöÇÔöÇÔöÇÔöÇÔöÇÔöÇÔöÇÔöÇ  
   FAILED  Tests\Feature\RealEstate\PropertyTesÔÇª  QueryException   
  SQLSTATE[42S01]: Base table or view already exists: 1050 Table 'password_reset_tokens' already exists (Connection: mysql, SQL: create table `password_reset_tokens` (`email` varchar(255) not null, `token` varchar(255) not null, `created_at` timestamp null, primary key (`email`)) default character set utf8mb4 collate 'utf8mb4_unicode_ci')

  at vendor\laravel\framework\src\Illuminate\Database\Connection.php:829
    825Ôûò                     $this->getName(), $query, $this->prepareBindings($bindings), $e
    826Ôûò                 );
    827Ôûò             }
    828Ôûò 
  Ô×£ 829Ôûò             throw new QueryException(
    830Ôûò                 $this->getName(), $query, $this->prepareBindings($bindings), $e
    831Ôûò             );
    832Ôûò         }
    833Ôûò     }

  1   vendor\laravel\framework\src\Illuminate\Database\Connection.php:829

  2   vendor\laravel\framework\src\Illuminate\Database\Connection.php:587
      NunoMaduro\Collision\Exceptions\TestException::("SQLSTATE[42S01]: Base table or view already exists: 1050 Table 'password_reset_tokens' already exists")

  ÔöÇÔöÇÔöÇÔöÇÔöÇÔöÇÔöÇÔöÇÔöÇÔöÇÔöÇÔöÇÔöÇÔöÇÔöÇÔöÇÔöÇÔöÇÔöÇÔöÇÔöÇÔöÇÔöÇÔöÇÔöÇÔöÇÔöÇÔöÇÔöÇÔöÇÔöÇÔöÇÔöÇÔöÇÔöÇÔöÇÔöÇÔöÇÔöÇÔöÇÔöÇÔöÇÔöÇÔöÇÔöÇÔöÇÔöÇÔöÇÔöÇÔöÇÔöÇÔöÇÔöÇÔöÇÔöÇÔöÇÔöÇÔöÇÔöÇÔöÇÔöÇÔöÇÔöÇ  
   FAILED  Tests\Feature\RealEstate\SearchTestÔÇª   QueryException   
  SQLSTATE[42S02]: Base table or view not found: 1146 Table 'inmo-db.migrations' doesn't exist (Connection: mysql, SQL: insert into `migrations` (`migration`, `batch`) values (2014_10_12_000000_create_users_table, 1))

  at vendor\laravel\framework\src\Illuminate\Database\Connection.php:829
    825Ôûò                     $this->getName(), $query, $this->prepareBindings($bindings), $e
    826Ôûò                 );
    827Ôûò             }
    828Ôûò 
  Ô×£ 829Ôûò             throw new QueryException(
    830Ôûò                 $this->getName(), $query, $this->prepareBindings($bindings), $e
    831Ôûò             );
    832Ôûò         }
    833Ôûò     }

  1   vendor\laravel\framework\src\Illuminate\Database\Connection.php:829

  2   vendor\laravel\framework\src\Illuminate\Database\MySqlConnection.php:39
      NunoMaduro\Collision\Exceptions\TestException::("SQLSTATE[42S02]: Base table or view not found: 1146 Table 'inmo-db.migrations' doesn't exist")

  ÔöÇÔöÇÔöÇÔöÇÔöÇÔöÇÔöÇÔöÇÔöÇÔöÇÔöÇÔöÇÔöÇÔöÇÔöÇÔöÇÔöÇÔöÇÔöÇÔöÇÔöÇÔöÇÔöÇÔöÇÔöÇÔöÇÔöÇÔöÇÔöÇÔöÇÔöÇÔöÇÔöÇÔöÇÔöÇÔöÇÔöÇÔöÇÔöÇÔöÇÔöÇÔöÇÔöÇÔöÇÔöÇÔöÇÔöÇÔöÇÔöÇÔöÇÔöÇÔöÇÔöÇÔöÇÔöÇÔöÇÔöÇÔöÇÔöÇÔöÇÔöÇÔöÇÔöÇ  
   FAILED  Tests\Feature\RealEstate\SearchTestÔÇª   QueryException   
  SQLSTATE[42S01]: Base table or view already exists: 1050 Table 'password_reset_tokens' already exists (Connection: mysql, SQL: create table `password_reset_tokens` (`email` varchar(255) not null, `token` varchar(255) not null, `created_at` timestamp null, primary key (`email`)) default character set utf8mb4 collate 'utf8mb4_unicode_ci')

  at vendor\laravel\framework\src\Illuminate\Database\Connection.php:829
    825Ôûò                     $this->getName(), $query, $this->prepareBindings($bindings), $e
    826Ôûò                 );
    827Ôûò             }
    828Ôûò 
  Ô×£ 829Ôûò             throw new QueryException(
    830Ôûò                 $this->getName(), $query, $this->prepareBindings($bindings), $e
    831Ôûò             );
    832Ôûò         }
    833Ôûò     }

  1   vendor\laravel\framework\src\Illuminate\Database\Connection.php:829

  2   vendor\laravel\framework\src\Illuminate\Database\Connection.php:587
      NunoMaduro\Collision\Exceptions\TestException::("SQLSTATE[42S01]: Base table or view already exists: 1050 Table 'password_reset_tokens' already exists")

  ÔöÇÔöÇÔöÇÔöÇÔöÇÔöÇÔöÇÔöÇÔöÇÔöÇÔöÇÔöÇÔöÇÔöÇÔöÇÔöÇÔöÇÔöÇÔöÇÔöÇÔöÇÔöÇÔöÇÔöÇÔöÇÔöÇÔöÇÔöÇÔöÇÔöÇÔöÇÔöÇÔöÇÔöÇÔöÇÔöÇÔöÇÔöÇÔöÇÔöÇÔöÇÔöÇÔöÇÔöÇÔöÇÔöÇÔöÇÔöÇÔöÇÔöÇÔöÇÔöÇÔöÇÔöÇÔöÇÔöÇÔöÇÔöÇÔöÇÔöÇÔöÇÔöÇÔöÇ  
   FAILED  Tests\Feature\RealEstate\SearchTestÔÇª   QueryException   
  SQLSTATE[42S01]: Base table or view already exists: 1050 Table 'password_reset_tokens' already exists (Connection: mysql, SQL: create table `password_reset_tokens` (`email` varchar(255) not null, `token` varchar(255) not null, `created_at` timestamp null, primary key (`email`)) default character set utf8mb4 collate 'utf8mb4_unicode_ci')

  at vendor\laravel\framework\src\Illuminate\Database\Connection.php:829
    825Ôûò                     $this->getName(), $query, $this->prepareBindings($bindings), $e
    826Ôûò                 );
    827Ôûò             }
    828Ôûò 
  Ô×£ 829Ôûò             throw new QueryException(
    830Ôûò                 $this->getName(), $query, $this->prepareBindings($bindings), $e
    831Ôûò             );
    832Ôûò         }
    833Ôûò     }

  1   vendor\laravel\framework\src\Illuminate\Database\Connection.php:829

  2   vendor\laravel\framework\src\Illuminate\Database\Connection.php:587
      NunoMaduro\Collision\Exceptions\TestException::("SQLSTATE[42S01]: Base table or view already exists: 1050 Table 'password_reset_tokens' already exists")

  ÔöÇÔöÇÔöÇÔöÇÔöÇÔöÇÔöÇÔöÇÔöÇÔöÇÔöÇÔöÇÔöÇÔöÇÔöÇÔöÇÔöÇÔöÇÔöÇÔöÇÔöÇÔöÇÔöÇÔöÇÔöÇÔöÇÔöÇÔöÇÔöÇÔöÇÔöÇÔöÇÔöÇÔöÇÔöÇÔöÇÔöÇÔöÇÔöÇÔöÇÔöÇÔöÇÔöÇÔöÇÔöÇÔöÇÔöÇÔöÇÔöÇÔöÇÔöÇÔöÇÔöÇÔöÇÔöÇÔöÇÔöÇÔöÇÔöÇÔöÇÔöÇÔöÇÔöÇ  
   FAILED  Tests\Feature\RealEstate\SearchTestÔÇª   QueryException   
  SQLSTATE[42S01]: Base table or view already exists: 1050 Table 'password_reset_tokens' already exists (Connection: mysql, SQL: create table `password_reset_tokens` (`email` varchar(255) not null, `token` varchar(255) not null, `created_at` timestamp null, primary key (`email`)) default character set utf8mb4 collate 'utf8mb4_unicode_ci')

  at vendor\laravel\framework\src\Illuminate\Database\Connection.php:829
    825Ôûò                     $this->getName(), $query, $this->prepareBindings($bindings), $e
    826Ôûò                 );
    827Ôûò             }
    828Ôûò 
  Ô×£ 829Ôûò             throw new QueryException(
    830Ôûò                 $this->getName(), $query, $this->prepareBindings($bindings), $e
    831Ôûò             );
    832Ôûò         }
    833Ôûò     }

  1   vendor\laravel\framework\src\Illuminate\Database\Connection.php:829

  2   vendor\laravel\framework\src\Illuminate\Database\Connection.php:587
      NunoMaduro\Collision\Exceptions\TestException::("SQLSTATE[42S01]: Base table or view already exists: 1050 Table 'password_reset_tokens' already exists")

  ÔöÇÔöÇÔöÇÔöÇÔöÇÔöÇÔöÇÔöÇÔöÇÔöÇÔöÇÔöÇÔöÇÔöÇÔöÇÔöÇÔöÇÔöÇÔöÇÔöÇÔöÇÔöÇÔöÇÔöÇÔöÇÔöÇÔöÇÔöÇÔöÇÔöÇÔöÇÔöÇÔöÇÔöÇÔöÇÔöÇÔöÇÔöÇÔöÇÔöÇÔöÇÔöÇÔöÇÔöÇÔöÇÔöÇÔöÇÔöÇÔöÇÔöÇÔöÇÔöÇÔöÇÔöÇÔöÇÔöÇÔöÇÔöÇÔöÇÔöÇÔöÇÔöÇÔöÇ  
   FAILED  Tests\Feature\User\ProfileTest > useÔÇª  QueryException   
  SQLSTATE[42S01]: Base table or view already exists: 1050 Table 'password_reset_tokens' already exists (Connection: mysql, SQL: create table `password_reset_tokens` (`email` varchar(255) not null, `token` varchar(255) not null, `created_at` timestamp null, primary key (`email`)) default character set utf8mb4 collate 'utf8mb4_unicode_ci')

  at vendor\laravel\framework\src\Illuminate\Database\Connection.php:829
    825Ôûò                     $this->getName(), $query, $this->prepareBindings($bindings), $e
    826Ôûò                 );
    827Ôûò             }
    828Ôûò 
  Ô×£ 829Ôûò             throw new QueryException(
    830Ôûò                 $this->getName(), $query, $this->prepareBindings($bindings), $e
    831Ôûò             );
    832Ôûò         }
    833Ôûò     }

  1   vendor\laravel\framework\src\Illuminate\Database\Connection.php:829

  2   vendor\laravel\framework\src\Illuminate\Database\Connection.php:587
      NunoMaduro\Collision\Exceptions\TestException::("SQLSTATE[42S01]: Base table or view already exists: 1050 Table 'password_reset_tokens' already exists")

  ÔöÇÔöÇÔöÇÔöÇÔöÇÔöÇÔöÇÔöÇÔöÇÔöÇÔöÇÔöÇÔöÇÔöÇÔöÇÔöÇÔöÇÔöÇÔöÇÔöÇÔöÇÔöÇÔöÇÔöÇÔöÇÔöÇÔöÇÔöÇÔöÇÔöÇÔöÇÔöÇÔöÇÔöÇÔöÇÔöÇÔöÇÔöÇÔöÇÔöÇÔöÇÔöÇÔöÇÔöÇÔöÇÔöÇÔöÇÔöÇÔöÇÔöÇÔöÇÔöÇÔöÇÔöÇÔöÇÔöÇÔöÇÔöÇÔöÇÔöÇÔöÇÔöÇÔöÇ  
   FAILED  Tests\Feature\User\ProfileTest > useÔÇª  QueryException   
  SQLSTATE[42S02]: Base table or view not found: 1146 Table 'inmo-db.migrations' doesn't exist (Connection: mysql, SQL: insert into `migrations` (`migration`, `batch`) values (2014_10_12_000000_create_users_table, 1))

  at vendor\laravel\framework\src\Illuminate\Database\Connection.php:829
    825Ôûò                     $this->getName(), $query, $this->prepareBindings($bindings), $e
    826Ôûò                 );
    827Ôûò             }
    828Ôûò 
  Ô×£ 829Ôûò             throw new QueryException(
    830Ôûò                 $this->getName(), $query, $this->prepareBindings($bindings), $e
    831Ôûò             );
    832Ôûò         }
    833Ôûò     }

  1   vendor\laravel\framework\src\Illuminate\Database\Connection.php:829

  2   vendor\laravel\framework\src\Illuminate\Database\MySqlConnection.php:39
      NunoMaduro\Collision\Exceptions\TestException::("SQLSTATE[42S02]: Base table or view not found: 1146 Table 'inmo-db.migrations' doesn't exist")

  ÔöÇÔöÇÔöÇÔöÇÔöÇÔöÇÔöÇÔöÇÔöÇÔöÇÔöÇÔöÇÔöÇÔöÇÔöÇÔöÇÔöÇÔöÇÔöÇÔöÇÔöÇÔöÇÔöÇÔöÇÔöÇÔöÇÔöÇÔöÇÔöÇÔöÇÔöÇÔöÇÔöÇÔöÇÔöÇÔöÇÔöÇÔöÇÔöÇÔöÇÔöÇÔöÇÔöÇÔöÇÔöÇÔöÇÔöÇÔöÇÔöÇÔöÇÔöÇÔöÇÔöÇÔöÇÔöÇÔöÇÔöÇÔöÇÔöÇÔöÇÔöÇÔöÇÔöÇ  
   FAILED  Tests\Feature\User\ProfileTest > proÔÇª  QueryException   
  SQLSTATE[42S02]: Base table or view not found: 1051 Unknown table 'inmo-db.migrations' (Connection: mysql, SQL: drop table `migrations`)

  at vendor\laravel\framework\src\Illuminate\Database\Connection.php:829
    825Ôûò                     $this->getName(), $query, $this->prepareBindings($bindings), $e
    826Ôûò                 );
    827Ôûò             }
    828Ôûò 
  Ô×£ 829Ôûò             throw new QueryException(
    830Ôûò                 $this->getName(), $query, $this->prepareBindings($bindings), $e
    831Ôûò             );
    832Ôûò         }
    833Ôûò     }

  1   vendor\laravel\framework\src\Illuminate\Database\Connection.php:829

  2   vendor\laravel\framework\src\Illuminate\Database\Connection.php:587
      NunoMaduro\Collision\Exceptions\TestException::("SQLSTATE[42S02]: Base table or view not found: 1051 Unknown table 'inmo-db.migrations'")


  Tests:    28 failed, 2 passed (5 assertions)
  Duration: 267.70s

