PHPUnit 10.5.59 by Sebastian Bergmann and contributors.

Runtime:       PHP 8.2.12
Configuration: R:\DISCO PORTAVION\PROYECTOS Y NEGOCIOS\25 - PlusvaliaClone\code\inmo-db-backend\phpunit.xml

array:5 [
  "message" => "SQLSTATE[HY000]: General error: 1 no such function: DATEDIFF (Connection: sqlite_testing, SQL: select AVG(DATEDIFF(updated_at, created_at)) as days from "inmo_deals" where "owner_id" = 1 and "status" in (won, lost) limit 1)"
  "exception" => "Illuminate\Database\QueryException"
  "file" => "R:\DISCO PORTAVION\PROYECTOS Y NEGOCIOS\25 - PlusvaliaClone\code\inmo-db-backend\vendor\laravel\framework\src\Illuminate\Database\Connection.php"
  "line" => 829
  "trace" => array:62 [
    0 => array:5 [
      "file" => "R:\DISCO PORTAVION\PROYECTOS Y NEGOCIOS\25 - PlusvaliaClone\code\inmo-db-backend\vendor\laravel\framework\src\Illuminate\Database\Connection.php"
      "line" => 783
      "function" => "runQueryCallback"
      "class" => "Illuminate\Database\Connection"
      "type" => "->"
    ]
    1 => array:5 [
      "file" => "R:\DISCO PORTAVION\PROYECTOS Y NEGOCIOS\25 - PlusvaliaClone\code\inmo-db-backend\vendor\laravel\framework\src\Illuminate\Database\Connection.php"
      "line" => 414
      "function" => "run"
      "class" => "Illuminate\Database\Connection"
      "type" => "->"
    ]
    2 => array:5 [
      "file" => "R:\DISCO PORTAVION\PROYECTOS Y NEGOCIOS\25 - PlusvaliaClone\code\inmo-db-backend\vendor\laravel\framework\src\Illuminate\Database\Query\Builder.php"
      "line" => 2913
      "function" => "select"
      "class" => "Illuminate\Database\Connection"
      "type" => "->"
    ]
    3 => array:5 [
      "file" => "R:\DISCO PORTAVION\PROYECTOS Y NEGOCIOS\25 - PlusvaliaClone\code\inmo-db-backend\vendor\laravel\framework\src\Illuminate\Database\Query\Builder.php"
      "line" => 2902
      "function" => "runSelect"
      "class" => "Illuminate\Database\Query\Builder"
      "type" => "->"
    ]
    4 => array:5 [
      "file" => "R:\DISCO PORTAVION\PROYECTOS Y NEGOCIOS\25 - PlusvaliaClone\code\inmo-db-backend\vendor\laravel\framework\src\Illuminate\Database\Query\Builder.php"
      "line" => 3456
      "function" => "Illuminate\Database\Query\{closure}"
      "class" => "Illuminate\Database\Query\Builder"
      "type" => "->"
    ]
    5 => array:5 [
      "file" => "R:\DISCO PORTAVION\PROYECTOS Y NEGOCIOS\25 - PlusvaliaClone\code\inmo-db-backend\vendor\laravel\framework\src\Illuminate\Database\Query\Builder.php"
      "line" => 2901
      "function" => "onceWithColumns"
      "class" => "Illuminate\Database\Query\Builder"
      "type" => "->"
    ]
    6 => array:5 [
      "file" => "R:\DISCO PORTAVION\PROYECTOS Y NEGOCIOS\25 - PlusvaliaClone\code\inmo-db-backend\vendor\laravel\framework\src\Illuminate\Database\Eloquent\Builder.php"
      "line" => 739
      "function" => "get"
      "class" => "Illuminate\Database\Query\Builder"
      "type" => "->"
    ]
    7 => array:5 [
      "file" => "R:\DISCO PORTAVION\PROYECTOS Y NEGOCIOS\25 - PlusvaliaClone\code\inmo-db-backend\vendor\laravel\framework\src\Illuminate\Database\Eloquent\Builder.php"
      "line" => 723
      "function" => "getModels"
      "class" => "Illuminate\Database\Eloquent\Builder"
      "type" => "->"
    ]
    8 => array:5 [
      "file" => "R:\DISCO PORTAVION\PROYECTOS Y NEGOCIOS\25 - PlusvaliaClone\code\inmo-db-backend\vendor\laravel\framework\src\Illuminate\Database\Concerns\BuildsQueries.php"
      "line" => 333
      "function" => "get"
      "class" => "Illuminate\Database\Eloquent\Builder"
      "type" => "->"
    ]
    9 => array:5 [
      "file" => "R:\DISCO PORTAVION\PROYECTOS Y NEGOCIOS\25 - PlusvaliaClone\code\inmo-db-backend\vendor\laravel\framework\src\Illuminate\Database\Eloquent\Builder.php"
      "line" => 672
      "function" => "first"
      "class" => "Illuminate\Database\Eloquent\Builder"
      "type" => "->"
    ]
    10 => array:5 [
      "file" => "R:\DISCO PORTAVION\PROYECTOS Y NEGOCIOS\25 - PlusvaliaClone\code\inmo-db-backend\app\Http\Controllers\Api\Crm\AgentAnalyticsController.php"
      "line" => 76
      "function" => "value"
      "class" => "Illuminate\Database\Eloquent\Builder"
      "type" => "->"
    ]
    11 => array:5 [
      "file" => "R:\DISCO PORTAVION\PROYECTOS Y NEGOCIOS\25 - PlusvaliaClone\code\inmo-db-backend\vendor\laravel\framework\src\Illuminate\Routing\Controller.php"
      "line" => 54
      "function" => "pipeline"
      "class" => "App\Http\Controllers\Api\Crm\AgentAnalyticsController"
      "type" => "->"
    ]
    12 => array:5 [
      "file" => "R:\DISCO PORTAVION\PROYECTOS Y NEGOCIOS\25 - PlusvaliaClone\code\inmo-db-backend\vendor\laravel\framework\src\Illuminate\Routing\ControllerDispatcher.php"
      "line" => 43
      "function" => "callAction"
      "class" => "Illuminate\Routing\Controller"
      "type" => "->"
    ]
    13 => array:5 [
      "file" => "R:\DISCO PORTAVION\PROYECTOS Y NEGOCIOS\25 - PlusvaliaClone\code\inmo-db-backend\vendor\laravel\framework\src\Illuminate\Routing\Route.php"
      "line" => 259
      "function" => "dispatch"
      "class" => "Illuminate\Routing\ControllerDispatcher"
      "type" => "->"
    ]
    14 => array:5 [
      "file" => "R:\DISCO PORTAVION\PROYECTOS Y NEGOCIOS\25 - PlusvaliaClone\code\inmo-db-backend\vendor\laravel\framework\src\Illuminate\Routing\Route.php"
      "line" => 205
      "function" => "runController"
      "class" => "Illuminate\Routing\Route"
      "type" => "->"
    ]
    15 => array:5 [
      "file" => "R:\DISCO PORTAVION\PROYECTOS Y NEGOCIOS\25 - PlusvaliaClone\code\inmo-db-backend\vendor\laravel\framework\src\Illuminate\Routing\Router.php"
      "line" => 806
      "function" => "run"
      "class" => "Illuminate\Routing\Route"
      "type" => "->"
    ]
    16 => array:5 [
      "file" => "R:\DISCO PORTAVION\PROYECTOS Y NEGOCIOS\25 - PlusvaliaClone\code\inmo-db-backend\vendor\laravel\framework\src\Illuminate\Pipeline\Pipeline.php"
      "line" => 144
      "function" => "Illuminate\Routing\{closure}"
      "class" => "Illuminate\Routing\Router"
      "type" => "->"
    ]
    17 => array:5 [
      "file" => "R:\DISCO PORTAVION\PROYECTOS Y NEGOCIOS\25 - PlusvaliaClone\code\inmo-db-backend\vendor\laravel\framework\src\Illuminate\Routing\Middleware\SubstituteBindings.php"
      "line" => 50
      "function" => "Illuminate\Pipeline\{closure}"
      "class" => "Illuminate\Pipeline\Pipeline"
      "type" => "->"
    ]
    18 => array:5 [
      "file" => "R:\DISCO PORTAVION\PROYECTOS Y NEGOCIOS\25 - PlusvaliaClone\code\inmo-db-backend\vendor\laravel\framework\src\Illuminate\Pipeline\Pipeline.php"
      "line" => 183
      "function" => "handle"
      "class" => "Illuminate\Routing\Middleware\SubstituteBindings"
      "type" => "->"
    ]
    19 => array:5 [
      "file" => "R:\DISCO PORTAVION\PROYECTOS Y NEGOCIOS\25 - PlusvaliaClone\code\inmo-db-backend\vendor\laravel\framework\src\Illuminate\Routing\Middleware\ThrottleRequests.php"
      "line" => 159
      "function" => "Illuminate\Pipeline\{closure}"
      "class" => "Illuminate\Pipeline\Pipeline"
      "type" => "->"
    ]
    20 => array:5 [
      "file" => "R:\DISCO PORTAVION\PROYECTOS Y NEGOCIOS\25 - PlusvaliaClone\code\inmo-db-backend\vendor\laravel\framework\src\Illuminate\Routing\Middleware\ThrottleRequests.php"
      "line" => 125
      "function" => "handleRequest"
      "class" => "Illuminate\Routing\Middleware\ThrottleRequests"
      "type" => "->"
    ]
    21 => array:5 [
      "file" => "R:\DISCO PORTAVION\PROYECTOS Y NEGOCIOS\25 - PlusvaliaClone\code\inmo-db-backend\vendor\laravel\framework\src\Illuminate\Routing\Middleware\ThrottleRequests.php"
      "line" => 87
      "function" => "handleRequestUsingNamedLimiter"
      "class" => "Illuminate\Routing\Middleware\ThrottleRequests"
      "type" => "->"
    ]
    22 => array:5 [
      "file" => "R:\DISCO PORTAVION\PROYECTOS Y NEGOCIOS\25 - PlusvaliaClone\code\inmo-db-backend\vendor\laravel\framework\src\Illuminate\Pipeline\Pipeline.php"
      "line" => 183
      "function" => "handle"
      "class" => "Illuminate\Routing\Middleware\ThrottleRequests"
      "type" => "->"
    ]
    23 => array:5 [
      "file" => "R:\DISCO PORTAVION\PROYECTOS Y NEGOCIOS\25 - PlusvaliaClone\code\inmo-db-backend\vendor\laravel\framework\src\Illuminate\Auth\Middleware\Authenticate.php"
      "line" => 57
      "function" => "Illuminate\Pipeline\{closure}"
      "class" => "Illuminate\Pipeline\Pipeline"
      "type" => "->"
    ]
    24 => array:5 [
      "file" => "R:\DISCO PORTAVION\PROYECTOS Y NEGOCIOS\25 - PlusvaliaClone\code\inmo-db-backend\vendor\laravel\framework\src\Illuminate\Pipeline\Pipeline.php"
      "line" => 183
      "function" => "handle"
      "class" => "Illuminate\Auth\Middleware\Authenticate"
      "type" => "->"
    ]
    25 => array:5 [
      "file" => "R:\DISCO PORTAVION\PROYECTOS Y NEGOCIOS\25 - PlusvaliaClone\code\inmo-db-backend\vendor\laravel\framework\src\Illuminate\Pipeline\Pipeline.php"
      "line" => 119
      "function" => "Illuminate\Pipeline\{closure}"
      "class" => "Illuminate\Pipeline\Pipeline"
      "type" => "->"
    ]
    26 => array:5 [
      "file" => "R:\DISCO PORTAVION\PROYECTOS Y NEGOCIOS\25 - PlusvaliaClone\code\inmo-db-backend\vendor\laravel\framework\src\Illuminate\Routing\Router.php"
      "line" => 805
      "function" => "then"
      "class" => "Illuminate\Pipeline\Pipeline"
      "type" => "->"
    ]
    27 => array:5 [
      "file" => "R:\DISCO PORTAVION\PROYECTOS Y NEGOCIOS\25 - PlusvaliaClone\code\inmo-db-backend\vendor\laravel\framework\src\Illuminate\Routing\Router.php"
      "line" => 784
      "function" => "runRouteWithinStack"
      "class" => "Illuminate\Routing\Router"
      "type" => "->"
    ]
    28 => array:5 [
      "file" => "R:\DISCO PORTAVION\PROYECTOS Y NEGOCIOS\25 - PlusvaliaClone\code\inmo-db-backend\vendor\laravel\framework\src\Illuminate\Routing\Router.php"
      "line" => 748
      "function" => "runRoute"
      "class" => "Illuminate\Routing\Router"
      "type" => "->"
    ]
    29 => array:5 [
      "file" => "R:\DISCO PORTAVION\PROYECTOS Y NEGOCIOS\25 - PlusvaliaClone\code\inmo-db-backend\vendor\laravel\framework\src\Illuminate\Routing\Router.php"
      "line" => 737
      "function" => "dispatchToRoute"
      "class" => "Illuminate\Routing\Router"
      "type" => "->"
    ]
    30 => array:5 [
      "file" => "R:\DISCO PORTAVION\PROYECTOS Y NEGOCIOS\25 - PlusvaliaClone\code\inmo-db-backend\vendor\laravel\framework\src\Illuminate\Foundation\Http\Kernel.php"
      "line" => 200
      "function" => "dispatch"
      "class" => "Illuminate\Routing\Router"
      "type" => "->"
    ]
    31 => array:5 [
      "file" => "R:\DISCO PORTAVION\PROYECTOS Y NEGOCIOS\25 - PlusvaliaClone\code\inmo-db-backend\vendor\laravel\framework\src\Illuminate\Pipeline\Pipeline.php"
      "line" => 144
      "function" => "Illuminate\Foundation\Http\{closure}"
      "class" => "Illuminate\Foundation\Http\Kernel"
      "type" => "->"
    ]
    32 => array:5 [
      "file" => "R:\DISCO PORTAVION\PROYECTOS Y NEGOCIOS\25 - PlusvaliaClone\code\inmo-db-backend\vendor\laravel\framework\src\Illuminate\Foundation\Http\Middleware\TransformsRequest.php"
      "line" => 21
      "function" => "Illuminate\Pipeline\{closure}"
      "class" => "Illuminate\Pipeline\Pipeline"
      "type" => "->"
    ]
    33 => array:5 [
      "file" => "R:\DISCO PORTAVION\PROYECTOS Y NEGOCIOS\25 - PlusvaliaClone\code\inmo-db-backend\vendor\laravel\framework\src\Illuminate\Foundation\Http\Middleware\ConvertEmptyStringsToNull.php"
      "line" => 31
      "function" => "handle"
      "class" => "Illuminate\Foundation\Http\Middleware\TransformsRequest"
      "type" => "->"
    ]
    34 => array:5 [
      "file" => "R:\DISCO PORTAVION\PROYECTOS Y NEGOCIOS\25 - PlusvaliaClone\code\inmo-db-backend\vendor\laravel\framework\src\Illuminate\Pipeline\Pipeline.php"
      "line" => 183
      "function" => "handle"
      "class" => "Illuminate\Foundation\Http\Middleware\ConvertEmptyStringsToNull"
      "type" => "->"
    ]
    35 => array:5 [
      "file" => "R:\DISCO PORTAVION\PROYECTOS Y NEGOCIOS\25 - PlusvaliaClone\code\inmo-db-backend\vendor\laravel\framework\src\Illuminate\Foundation\Http\Middleware\TransformsRequest.php"
      "line" => 21
      "function" => "Illuminate\Pipeline\{closure}"
      "class" => "Illuminate\Pipeline\Pipeline"
      "type" => "->"
    ]
    36 => array:5 [
      "file" => "R:\DISCO PORTAVION\PROYECTOS Y NEGOCIOS\25 - PlusvaliaClone\code\inmo-db-backend\vendor\laravel\framework\src\Illuminate\Foundation\Http\Middleware\TrimStrings.php"
      "line" => 40
      "function" => "handle"
      "class" => "Illuminate\Foundation\Http\Middleware\TransformsRequest"
      "type" => "->"
    ]
    37 => array:5 [
      "file" => "R:\DISCO PORTAVION\PROYECTOS Y NEGOCIOS\25 - PlusvaliaClone\code\inmo-db-backend\vendor\laravel\framework\src\Illuminate\Pipeline\Pipeline.php"
      "line" => 183
      "function" => "handle"
      "class" => "Illuminate\Foundation\Http\Middleware\TrimStrings"
      "type" => "->"
    ]
    38 => array:5 [
      "file" => "R:\DISCO PORTAVION\PROYECTOS Y NEGOCIOS\25 - PlusvaliaClone\code\inmo-db-backend\vendor\laravel\framework\src\Illuminate\Foundation\Http\Middleware\ValidatePostSize.php"
      "line" => 27
      "function" => "Illuminate\Pipeline\{closure}"
      "class" => "Illuminate\Pipeline\Pipeline"
      "type" => "->"
    ]
    39 => array:5 [
      "file" => "R:\DISCO PORTAVION\PROYECTOS Y NEGOCIOS\25 - PlusvaliaClone\code\inmo-db-backend\vendor\laravel\framework\src\Illuminate\Pipeline\Pipeline.php"
      "line" => 183
      "function" => "handle"
      "class" => "Illuminate\Foundation\Http\Middleware\ValidatePostSize"
      "type" => "->"
    ]
    40 => array:5 [
      "file" => "R:\DISCO PORTAVION\PROYECTOS Y NEGOCIOS\25 - PlusvaliaClone\code\inmo-db-backend\vendor\laravel\framework\src\Illuminate\Foundation\Http\Middleware\PreventRequestsDuringMaintenance.php"
      "line" => 99
      "function" => "Illuminate\Pipeline\{closure}"
      "class" => "Illuminate\Pipeline\Pipeline"
      "type" => "->"
    ]
    41 => array:5 [
      "file" => "R:\DISCO PORTAVION\PROYECTOS Y NEGOCIOS\25 - PlusvaliaClone\code\inmo-db-backend\vendor\laravel\framework\src\Illuminate\Pipeline\Pipeline.php"
      "line" => 183
      "function" => "handle"
      "class" => "Illuminate\Foundation\Http\Middleware\PreventRequestsDuringMaintenance"
      "type" => "->"
    ]
    42 => array:5 [
      "file" => "R:\DISCO PORTAVION\PROYECTOS Y NEGOCIOS\25 - PlusvaliaClone\code\inmo-db-backend\vendor\laravel\framework\src\Illuminate\Http\Middleware\HandleCors.php"
      "line" => 62
      "function" => "Illuminate\Pipeline\{closure}"
      "class" => "Illuminate\Pipeline\Pipeline"
      "type" => "->"
    ]
    43 => array:5 [
      "file" => "R:\DISCO PORTAVION\PROYECTOS Y NEGOCIOS\25 - PlusvaliaClone\code\inmo-db-backend\vendor\laravel\framework\src\Illuminate\Pipeline\Pipeline.php"
      "line" => 183
      "function" => "handle"
      "class" => "Illuminate\Http\Middleware\HandleCors"
      "type" => "->"
    ]
    44 => array:5 [
      "file" => "R:\DISCO PORTAVION\PROYECTOS Y NEGOCIOS\25 - PlusvaliaClone\code\inmo-db-backend\vendor\laravel\framework\src\Illuminate\Http\Middleware\TrustProxies.php"
      "line" => 39
      "function" => "Illuminate\Pipeline\{closure}"
      "class" => "Illuminate\Pipeline\Pipeline"
      "type" => "->"
    ]
    45 => array:5 [
      "file" => "R:\DISCO PORTAVION\PROYECTOS Y NEGOCIOS\25 - PlusvaliaClone\code\inmo-db-backend\vendor\laravel\framework\src\Illuminate\Pipeline\Pipeline.php"
      "line" => 183
      "function" => "handle"
      "class" => "Illuminate\Http\Middleware\TrustProxies"
      "type" => "->"
    ]
    46 => array:5 [
      "file" => "R:\DISCO PORTAVION\PROYECTOS Y NEGOCIOS\25 - PlusvaliaClone\code\inmo-db-backend\vendor\laravel\framework\src\Illuminate\Pipeline\Pipeline.php"
      "line" => 119
      "function" => "Illuminate\Pipeline\{closure}"
      "class" => "Illuminate\Pipeline\Pipeline"
      "type" => "->"
    ]
    47 => array:5 [
      "file" => "R:\DISCO PORTAVION\PROYECTOS Y NEGOCIOS\25 - PlusvaliaClone\code\inmo-db-backend\vendor\laravel\framework\src\Illuminate\Foundation\Http\Kernel.php"
      "line" => 175
      "function" => "then"
      "class" => "Illuminate\Pipeline\Pipeline"
      "type" => "->"
    ]
    48 => array:5 [
      "file" => "R:\DISCO PORTAVION\PROYECTOS Y NEGOCIOS\25 - PlusvaliaClone\code\inmo-db-backend\vendor\laravel\framework\src\Illuminate\Foundation\Http\Kernel.php"
      "line" => 144
      "function" => "sendRequestThroughRouter"
      "class" => "Illuminate\Foundation\Http\Kernel"
      "type" => "->"
    ]
    49 => array:5 [
      "file" => "R:\DISCO PORTAVION\PROYECTOS Y NEGOCIOS\25 - PlusvaliaClone\code\inmo-db-backend\vendor\laravel\framework\src\Illuminate\Foundation\Testing\Concerns\MakesHttpRequests.php"
      "line" => 585
      "function" => "handle"
      "class" => "Illuminate\Foundation\Http\Kernel"
      "type" => "->"
    ]
    50 => array:5 [
      "file" => "R:\DISCO PORTAVION\PROYECTOS Y NEGOCIOS\25 - PlusvaliaClone\code\inmo-db-backend\vendor\laravel\framework\src\Illuminate\Foundation\Testing\Concerns\MakesHttpRequests.php"
      "line" => 551
      "function" => "call"
      "class" => "Illuminate\Foundation\Testing\TestCase"
      "type" => "->"
    ]
    51 => array:5 [
      "file" => "R:\DISCO PORTAVION\PROYECTOS Y NEGOCIOS\25 - PlusvaliaClone\code\inmo-db-backend\vendor\laravel\framework\src\Illuminate\Foundation\Testing\Concerns\MakesHttpRequests.php"
      "line" => 359
      "function" => "json"
      "class" => "Illuminate\Foundation\Testing\TestCase"
      "type" => "->"
    ]
    52 => array:5 [
      "file" => "R:\DISCO PORTAVION\PROYECTOS Y NEGOCIOS\25 - PlusvaliaClone\code\inmo-db-backend\tests\Feature\Crm\AgentAnalyticsControllerTest.php"
      "line" => 26
      "function" => "getJson"
      "class" => "Illuminate\Foundation\Testing\TestCase"
      "type" => "->"
    ]
    53 => array:5 [
      "file" => "R:\DISCO PORTAVION\PROYECTOS Y NEGOCIOS\25 - PlusvaliaClone\code\inmo-db-backend\vendor\phpunit\phpunit\src\Framework\TestCase.php"
      "line" => 1548
      "function" => "test_can_get_pipeline_analytics"
      "class" => "Tests\Feature\Crm\AgentAnalyticsControllerTest"
      "type" => "->"
    ]
    54 => array:5 [
      "file" => "R:\DISCO PORTAVION\PROYECTOS Y NEGOCIOS\25 - PlusvaliaClone\code\inmo-db-backend\vendor\phpunit\phpunit\src\Framework\TestCase.php"
      "line" => 686
      "function" => "runTest"
      "class" => "PHPUnit\Framework\TestCase"
      "type" => "->"
    ]
    55 => array:5 [
      "file" => "R:\DISCO PORTAVION\PROYECTOS Y NEGOCIOS\25 - PlusvaliaClone\code\inmo-db-backend\vendor\phpunit\phpunit\src\Framework\TestRunner.php"
      "line" => 106
      "function" => "runBare"
      "class" => "PHPUnit\Framework\TestCase"
      "type" => "->"
    ]
    56 => array:5 [
      "file" => "R:\DISCO PORTAVION\PROYECTOS Y NEGOCIOS\25 - PlusvaliaClone\code\inmo-db-backend\vendor\phpunit\phpunit\src\Framework\TestCase.php"
      "line" => 516
      "function" => "run"
      "class" => "PHPUnit\Framework\TestRunner"
      "type" => "->"
    ]
    57 => array:5 [
      "file" => "R:\DISCO PORTAVION\PROYECTOS Y NEGOCIOS\25 - PlusvaliaClone\code\inmo-db-backend\vendor\phpunit\phpunit\src\Framework\TestSuite.php"
      "line" => 374
      "function" => "run"
      "class" => "PHPUnit\Framework\TestCase"
      "type" => "->"
    ]
    58 => array:5 [
      "file" => "R:\DISCO PORTAVION\PROYECTOS Y NEGOCIOS\25 - PlusvaliaClone\code\inmo-db-backend\vendor\phpunit\phpunit\src\TextUI\TestRunner.php"
      "line" => 64
      "function" => "run"
      "class" => "PHPUnit\Framework\TestSuite"
      "type" => "->"
    ]
    59 => array:5 [
      "file" => "R:\DISCO PORTAVION\PROYECTOS Y NEGOCIOS\25 - PlusvaliaClone\code\inmo-db-backend\vendor\phpunit\phpunit\src\TextUI\Application.php"
      "line" => 204
      "function" => "run"
      "class" => "PHPUnit\TextUI\TestRunner"
      "type" => "->"
    ]
    60 => array:5 [
      "file" => "R:\DISCO PORTAVION\PROYECTOS Y NEGOCIOS\25 - PlusvaliaClone\code\inmo-db-backend\vendor\phpunit\phpunit\phpunit"
      "line" => 104
      "function" => "run"
      "class" => "PHPUnit\TextUI\Application"
      "type" => "->"
    ]
    61 => array:3 [
      "file" => "R:\DISCO PORTAVION\PROYECTOS Y NEGOCIOS\25 - PlusvaliaClone\code\inmo-db-backend\vendor\bin\phpunit"
      "line" => 122
      "function" => "include"
    ]
  ]
] // tests\Feature\Crm\AgentAnalyticsControllerTest.php:29
F..                                                                 3 / 3 (100%)

Time: 00:01.294, Memory: 38.00 MB

There was 1 failure:

1) Tests\Feature\Crm\AgentAnalyticsControllerTest::test_can_get_pipeline_analytics
Expected response status code [200] but received 500.
Failed asserting that 500 is identical to 200.

R:\DISCO PORTAVION\PROYECTOS Y NEGOCIOS\25 - PlusvaliaClone\code\inmo-db-backend\vendor\laravel\framework\src\Illuminate\Testing\TestResponse.php:148
R:\DISCO PORTAVION\PROYECTOS Y NEGOCIOS\25 - PlusvaliaClone\code\inmo-db-backend\tests\Feature\Crm\AgentAnalyticsControllerTest.php:31

FAILURES!
Tests: 3, Assertions: 3, Failures: 1.
